2025-10: 31 dates on page, 21 to scrape
2025-10-21: 20 rows, top = Getih Ireng
2025-10-20: 19 rows, top = Getih Ireng
2025-10-19: 24 rows, top = Getih Ireng
2025-10-18: 23 rows, top = Getih Ireng
2025-10-17: 24 rows, top = Rangga & Cinta
2025-10-16: 22 rows, top = Getih Ireng
2025-10-15: 22 rows, top = Kang Solah From Kang Mak x Nenek Gayung
2025-10-14: 18 rows, top = Rangga & Cinta
2025-10-13: 18 rows, top = Kang Solah From Kang Mak x Nenek Gayung
2025-10-12: 22 rows, top = Kang Solah From Kang Mak x Nenek Gayung
2025-10-11: 18 rows, top = Kang Solah From Kang Mak x Nenek Gayung
2025-10-10: 8 rows, top = No Other Choice
2025-10-09: 19 rows, top = Kang Solah From Kang Mak x Nenek Gayung
2025-10-08: 15 rows, top = Kang Solah From Kang Mak x Nenek Gayung
2025-10-07: 15 rows, top = Kang Solah From Kang Mak x Nenek Gayung
2025-10-06: 15 rows, top = Kang Solah From Kang Mak x Nenek Gayung
2025-10-05: 5 rows, top = The Strangers: Chapter 2
2025-10-04: 18 rows, top = Kang Solah From Kang Mak x Nenek Gayung
2025-10-03: 18 rows, top = Kang Solah From Kang Mak x Nenek Gayung
2025-10-02: 23 rows, top = Kang Solah From Kang Mak x Nenek Gayung
2025-10-01: 18 rows, top = Kang Solah From Kang Mak x Nenek Gayung
2025-11: 30 dates on page, 20 to scrape
2025-11-20: 16 rows, top = Cyberbullying
2025-11-19: 10 rows, top = Wicked: For Good
2025-11-18: 10 rows, top = Sampai Titik Terakhirmu
2025-11-17: 10 rows, top = Sampai Titik Terakhirmu
2025-11-16: 19 rows, top = Sampai Titik Terakhirmu
2025-11-15: 16 rows, top = Sampai Titik Terakhirmu
2025-11-14: 17 rows, top = Sampai Titik Terakhirmu
2025-11-13: 14 rows, top = Sampai Titik Terakhirmu
2025-11-12: 14 rows, top = Now You See Me: Now You Dont
2025-11-11: 18 rows, top = Sosok Ketiga: Lintrik
2025-11-10: 19 rows, top = Sosok Ketiga: Lintrik
2025-11-09: 23 rows, top = Sosok Ketiga: Lintrik
2025-11-08: 21 rows, top = Sosok Ketiga: Lintrik
2025-11-07: 21 rows, top = Sosok Ketiga: Lintrik
2025-11-06: 21 rows, top = Sosok Ketiga: Lintrik
2025-11-05: 20 rows, top = Predator: Badlands
2025-11-04: 17 rows, top = Tumbal Darah
2025-11-03: 17 rows, top = Tumbal Darah
2025-11-02: 21 rows, top = Shutter
2025-11-01: 18 rows, top = Shutter
2025-12: 31 dates on page, 0 to scrape
2026-01: 31 dates on page, 21 to scrape
2026-01-21: 16 rows, top = Alas Roban
2026-01-20: 16 rows, top = Alas Roban
2026-01-19: 16 rows, top = Alas Roban
2026-01-18: 21 rows, top = Alas Roban
2026-01-17: 19 rows, top = Alas Roban
2026-01-16: 19 rows, top = Alas Roban
2026-01-15: 18 rows, top = Alas Roban
2026-01-14: 16 rows, top = Avatar: Fire And Ash
2026-01-13: 15 rows, top = Dusun Mayit
2026-01-12: 15 rows, top = Avatar: Fire And Ash
2026-01-11: 18 rows, top = Avatar: Fire And Ash
2026-01-10: 16 rows, top = Avatar: Fire And Ash
2026-01-09: 16 rows, top = Avatar: Fire And Ash
2026-01-08: 15 rows, top = Avatar: Fire And Ash
2026-01-07: 13 rows, top = Avatar: Fire And Ash
2026-01-06: 11 rows, top = Avatar: Fire And Ash
2026-01-05: 12 rows, top = Avatar: Fire And Ash
2026-01-04: 13 rows, top = Avatar: Fire And Ash
2026-01-03: 11 rows, top = Avatar: Fire And Ash
2026-01-02: 11 rows, top = Avatar: Fire And Ash
2026-01-01: 10 rows, top = Avatar: Fire And Ash
2026-02: 28 dates on page, 18 to scrape
2026-02-18: 20 rows, top = Kuyank
2026-02-17: 21 rows, top = Kuyank
2026-02-16: 22 rows, top = Kuyank
2026-02-15: 25 rows, top = Kuyank
2026-02-14: 27 rows, top = Kuyank
2026-02-13: 23 rows, top = Kuyank
2026-02-12: 25 rows, top = Kuyank
2026-02-11: 21 rows, top = Kuyank
2026-02-10: 21 rows, top = Kuyank
2026-02-09: 21 rows, top = Kuyank
2026-02-08: 28 rows, top = Kuyank
2026-02-07: 26 rows, top = Alas Roban
2026-02-06: 26 rows, top = Kuyank
2026-02-05: 25 rows, top = Kuyank
2026-02-04: 23 rows, top = Kuyank
2026-02-03: 22 rows, top = Kuyank
2026-02-02: 22 rows, top = Alas Roban
2026-02-01: 23 rows, top = Alas Roban
2026-03: 31 dates on page, 21 to scrape
2026-03-21: 10 rows, top = Danur: The Last Chapter
2026-03-20: 8 rows, top = Danur: The Last Chapter
2026-03-19: 8 rows, top = Danur: The Last Chapter
2026-03-18: 7 rows, top = Danur: The Last Chapter
2026-03-17: 22 rows, top = Hoppers
2026-03-16: 21 rows, top = Hoppers
2026-03-15: 23 rows, top = Hoppers
2026-03-14: 25 rows, top = Hoppers
Mar 13, 2026: error TargetClosedError, skipped
Mar 12, 2026: error TargetClosedError, skipped
Mar 11, 2026: error TargetClosedError, skipped
Mar 10, 2026: error TargetClosedError, skipped
Mar 9, 2026: error TargetClosedError, skipped
Mar 8, 2026: error TargetClosedError, skipped
Mar 7, 2026: error TargetClosedError, skipped
Mar 6, 2026: error TargetClosedError, skipped
Mar 5, 2026: error TargetClosedError, skipped
Mar 4, 2026: error TargetClosedError, skipped
Mar 3, 2026: error TargetClosedError, skipped
Mar 2, 2026: error TargetClosedError, skipped
Mar 1, 2026: error TargetClosedError, skipped
