2025-10-30: 18 rows, top = Shutter
2025-10-29: 18 rows, top = Getih Ireng
2025-10-28: 18 rows, top = Tumbal Darah
2025-10-27: 8 rows, top = Black Phone 2
2025-10-26: 22 rows, top = Tumbal Darah
2025-10-25: 22 rows, top = Tumbal Darah
2025-10-24: 22 rows, top = Tumbal Darah
2025-10-23: 22 rows, top = Tumbal Darah
2025-10-22: 21 rows, top = Andai Ibu Tidak Menikah Dengan Ayah
2025-11-30: 16 rows, top = Agak Laen: Menyala Pantiku!
2025-11-29: 13 rows, top = Agak Laen: Menyala Pantiku!
2025-11-28: 12 rows, top = Agak Laen: Menyala Pantiku!
2025-11-27: 14 rows, top = Agak Laen: Menyala Pantiku!
2025-11-26: 16 rows, top = Zootopia 2
2025-11-25: 11 rows, top = Sampai Titik Terakhirmu
2025-11-24: 12 rows, top = Sampai Titik Terakhirmu
2025-11-23: 18 rows, top = Sampai Titik Terakhirmu
2025-11-22: 16 rows, top = Sampai Titik Terakhirmu
2025-11-21: 16 rows, top = Sampai Titik Terakhirmu
2026-01-31: 22 rows, top = Alas Roban
2026-01-30: 22 rows, top = Kuyank
2026-01-29: 20 rows, top = Kuyank
2026-01-28: 19 rows, top = Alas Roban
2026-01-27: 18 rows, top = Alas Roban
2026-01-26: 18 rows, top = Alas Roban
2026-01-25: 22 rows, top = Alas Roban
2026-01-24: 20 rows, top = Alas Roban
2026-01-23: 20 rows, top = Alas Roban
2026-01-22: 18 rows, top = Alas Roban
2026-02-28: 25 rows, top = Panda Plan: The Magical Tribe
2026-02-27: 24 rows, top = Kuyank
2026-02-26: 24 rows, top = Kuyank
2026-02-25: 22 rows, top = Panda Plan: The Magical Tribe
2026-02-24: 20 rows, top = Kuyank
2026-02-23: 20 rows, top = Blades of The Guardians
2026-02-22: 31 rows, top = Blades of The Guardians
2026-02-21: 25 rows, top = Blades of The Guardians
2026-02-20: 23 rows, top = Blades of The Guardians
2026-02-19: 21 rows, top = Kuyank
2026-03-31: 9 rows, top = Danur: The Last Chapter
2026-03-30: 8 rows, top = Tunggu Aku Sukses Nanti
2026-03-29: 12 rows, top = Danur: The Last Chapter
2026-03-28: 2 rows, top = Dhurandhar: The Revenge
2026-03-27: 10 rows, top = Danur: The Last Chapter
2026-03-26: 9 rows, top = Danur: The Last Chapter
2026-03-25: 9 rows, top = Danur: The Last Chapter
2026-03-24: 8 rows, top = Danur: The Last Chapter
2026-03-23: 8 rows, top = Danur: The Last Chapter
2026-03-22: 8 rows, top = Danur: The Last Chapter
