2024-09-30: 12 rows, top = Sumala
2024-09-29: 22 rows, top = Lembayung
2024-09-28: 16 rows, top = Sumala
2024-09-27: 16 rows, top = Home Sweet Loan
2024-09-26: 19 rows, top = Lembayung
2024-09-25: 13 rows, top = Lembayung
2024-09-24: 12 rows, top = Lembayung
2024-09-23: 12 rows, top = Lembayung
2024-09-22: 20 rows, top = Lembayung
2024-09-21: 15 rows, top = Lembayung
2024-09-20: 16 rows, top = Lembayung
2024-10-31: 18 rows, top = Venom: The Last Dance
2024-10-30: 13 rows, top = Venom: The Last Dance
2024-10-29: 12 rows, top = Venom: The Last Dance
2024-10-28: 12 rows, top = Venom: The Last Dance
2024-10-27: 16 rows, top = Venom: The Last Dance
2024-10-26: 15 rows, top = Venom: The Last Dance
2024-10-25: 15 rows, top = Venom: The Last Dance
2024-10-24: 16 rows, top = Venom: The Last Dance
2024-10-23: 12 rows, top = Venom: The Last Dance
2024-10-22: 12 rows, top = Bolehkah Sekali Saja Kumenangis
2024-10-21: 11 rows, top = Bolehkah Sekali Saja Kumenangis
2024-10-20: 19 rows, top = Bolehkah Sekali Saja Kumenangis
2024-10-19: 16 rows, top = Bolehkah Sekali Saja Kumenangis
2024-10-18: 16 rows, top = Bolehkah Sekali Saja Kumenangis
2024-10-17: 17 rows, top = Bolehkah Sekali Saja Kumenangis
2024-10-16: 13 rows, top = Kemah Terlarang Kesurupan Massal
2024-10-15: 10 rows, top = Kemah Terlarang Kesurupan Massal
2024-10-14: 12 rows, top = Kuasa Gelap
2024-10-13: 20 rows, top = Kemah Terlarang Kesurupan Massal
2024-10-12: 16 rows, top = Kuasa Gelap
2024-10-11: 16 rows, top = Kuasa Gelap
2024-10-10: 17 rows, top = Kemah Terlarang Kesurupan Massal
2024-10-09: 13 rows, top = Kuasa Gelap
2024-10-08: 11 rows, top = Kuasa Gelap
2024-10-07: 10 rows, top = Kuasa Gelap
2024-10-06: 19 rows, top = Kuasa Gelap
2024-10-05: 13 rows, top = Home Sweet Loan
2024-10-04: 10 rows, top = Home Sweet Loan
2024-10-03: 10 rows, top = Sumala
2024-10-02: 10 rows, top = Sumala
2024-10-01: 14 rows, top = Sumala
2024-11-30: 16 rows, top = Moana 2
2024-11-29: 17 rows, top = Moana 2
2024-11-28: 10 rows, top = Moana 2
2024-11-27: 15 rows, top = Moana 2
2024-11-26: 10 rows, top = Bila Esok Ibu Tiada
2024-11-25: 10 rows, top = Bila Esok Ibu Tiada
2024-11-24: 15 rows, top = Bila Esok Ibu Tiada
2024-11-23: 13 rows, top = Bila Esok Ibu Tiada
2024-11-22: 13 rows, top = Bila Esok Ibu Tiada
2024-11-21: 14 rows, top = Bila Esok Ibu Tiada
2024-11-20: 11 rows, top = Bila Esok Ibu Tiada
2024-11-19: 10 rows, top = Bila Esok Ibu Tiada
2024-11-18: 10 rows, top = Bila Esok Ibu Tiada
2024-11-17: 10 rows, top = Bila Esok Ibu Tiada
2024-11-16: 15 rows, top = Bila Esok Ibu Tiada
2024-11-15: 10 rows, top = Bila Esok Ibu Tiada
2024-11-14: 20 rows, top = Bila Esok Ibu Tiada
2024-11-13: 16 rows, top = Santet Segoro Pitu
2024-11-12: 16 rows, top = Santet Segoro Pitu
2024-11-11: 16 rows, top = Santet Segoro Pitu
2024-11-10: 21 rows, top = Santet Segoro Pitu
2024-11-09: 18 rows, top = Santet Segoro Pitu
2024-11-08: 18 rows, top = Santet Segoro Pitu
2024-11-07: 19 rows, top = Santet Segoro Pitu
2024-11-06: 14 rows, top = Red One
2024-11-05: 17 rows, top = Venom: The Last Dance
2024-11-04: 17 rows, top = Venom: The Last Dance
2024-11-03: 19 rows, top = Venom: The Last Dance
2024-11-02: 18 rows, top = Venom: The Last Dance
2024-11-01: 10 rows, top = Venom: The Last Dance
2024-12-31: 10 rows, top = 2nd Miracle in Cell No. 7
2024-12-30: 12 rows, top = 2nd Miracle in Cell No. 7
2024-12-29: 15 rows, top = 2nd Miracle in Cell No. 7
2024-12-28: 13 rows, top = 2nd Miracle in Cell No. 7
2024-12-27: 10 rows, top = 2nd Miracle in Cell No. 7
2024-12-26: 13 rows, top = 2nd Miracle in Cell No. 7
2024-12-25: 13 rows, top = Sonic the Hedgehog 3
2024-12-24: 11 rows, top = Mufasa: The Lion King
2024-12-23: 10 rows, top = Mufasa: The Lion King
2024-12-22: 17 rows, top = Mufasa: The Lion King
2024-12-21: 10 rows, top = Mufasa: The Lion King
2024-12-20: 11 rows, top = Mufasa: The Lion King
2024-12-19: 19 rows, top = Modal Nekad
2024-12-18: 13 rows, top = Mufasa: The Lion King
2024-12-17: 12 rows, top = Moana 2
2024-12-16: 10 rows, top = Moana 2
2024-12-15: 24 rows, top = Moana 2
2024-12-14: 17 rows, top = Moana 2
2024-12-13: 18 rows, top = Hutang Nyawa
2024-12-12: 24 rows, top = Hutang Nyawa
2024-12-11: 18 rows, top = Moana 2
2024-12-10: 16 rows, top = Moana 2
2024-12-09: 16 rows, top = Moana 2
2024-12-08: 24 rows, top = Moana 2
2024-12-07: 22 rows, top = Moana 2
2024-12-06: 22 rows, top = Moana 2
2024-12-05: 22 rows, top = Moana 2
2024-12-04: 15 rows, top = Moana 2
2024-12-03: 15 rows, top = Moana 2
2024-12-02: 15 rows, top = Moana 2
2024-12-01: 19 rows, top = Moana 2
2025-01-31: 18 rows, top = Perayaan Mati Rasa
2025-01-30: 16 rows, top = Dark Nuns
2025-01-29: 20 rows, top = Perayaan Mati Rasa
2025-01-28: 10 rows, top = Dark Nuns
2025-01-27: 14 rows, top = Dark Nuns
2025-01-26: 18 rows, top = Dark Nuns
2025-01-25: 15 rows, top = Dark Nuns
2025-01-24: 15 rows, top = Dark Nuns
2025-01-23: 20 rows, top = Keajaiban Air Mata Wanita
2025-01-22: 15 rows, top = Pengantin Setan
2025-01-21: 10 rows, top = Pengantin Setan
2025-01-20: 15 rows, top = Pengantin Setan
2025-01-19: 25 rows, top = Moana 2
2025-01-18: 18 rows, top = Pengantin Setan
2025-01-17: 18 rows, top = Pengantin Setan
2025-01-16: 21 rows, top = Pengantin Setan
2025-01-15: 17 rows, top = Almarhum
2025-01-14: 17 rows, top = Almarhum
2025-01-13: 18 rows, top = Almarhum
2025-01-12: 24 rows, top = Almarhum
2025-01-11: 10 rows, top = Almarhum
2025-01-10: 10 rows, top = Almarhum
2025-01-09: 16 rows, top = Almarhum
2025-01-08: 16 rows, top = 2nd Miracle in Cell No. 7
2025-01-07: 14 rows, top = 2nd Miracle in Cell No. 7
2025-01-06: 14 rows, top = 2nd Miracle in Cell No. 7
2025-01-05: 10 rows, top = 2nd Miracle in Cell No. 7
2025-01-04: 14 rows, top = 2nd Miracle in Cell No. 7
2025-01-03: 14 rows, top = 2nd Miracle in Cell No. 7
2025-01-02: 17 rows, top = 2nd Miracle in Cell No. 7
2025-01-01: 14 rows, top = 2nd Miracle in Cell No. 7
2025-02-28: 19 rows, top = Petaka Gunung Gede
2025-02-27: 21 rows, top = Petaka Gunung Gede
2025-02-26: 15 rows, top = Petaka Gunung Gede
2025-02-25: 13 rows, top = Petaka Gunung Gede
2025-02-24: 10 rows, top = Petaka Gunung Gede
2025-02-23: 17 rows, top = Petaka Gunung Gede
2025-02-22: 15 rows, top = Petaka Gunung Gede
2025-02-21: 15 rows, top = Petaka Gunung Gede
2025-02-20: 19 rows, top = Anak Kunti
2025-02-19: 14 rows, top = Petaka Gunung Gede
2025-02-18: 10 rows, top = Petaka Gunung Gede
2025-02-17: 12 rows, top = Petaka Gunung Gede
2025-02-16: 22 rows, top = Petaka Gunung Gede
2025-02-15: 15 rows, top = Captain America: Brave New World
2025-02-14: 15 rows, top = Petaka Gunung Gede
2025-02-13: 10 rows, top = Captain America: Brave New World
2025-02-12: 11 rows, top = Captain America: Brave New World
2025-02-11: 12 rows, top = Petaka Gunung Gede
2025-02-10: 10 rows, top = Petaka Gunung Gede
2025-02-09: 19 rows, top = Petaka Gunung Gede
2025-02-08: 15 rows, top = Petaka Gunung Gede
2025-02-07: 16 rows, top = Petaka Gunung Gede
2025-02-06: 15 rows, top = Petaka Gunung Gede
2025-02-05: 14 rows, top = Perayaan Mati Rasa
2025-02-04: 14 rows, top = Perayaan Mati Rasa
2025-02-03: 14 rows, top = Perayaan Mati Rasa
2025-02-02: 24 rows, top = Perayaan Mati Rasa
2025-02-01: 18 rows, top = Perayaan Mati Rasa
2025-03-31: 9 rows, top = Pabrik Gula
2025-03-30: 26 rows, top = Ne Zha 2
2025-03-29: 20 rows, top = The Last Supper
2025-03-28: 20 rows, top = The Last Supper
2025-03-27: 20 rows, top = The Last Supper
2025-03-26: 20 rows, top = The Last Supper
2025-03-25: 22 rows, top = The Last Supper
2025-03-24: 22 rows, top = The Last Supper
2025-03-23: 27 rows, top = The Last Supper
2025-03-22: 22 rows, top = The Last Supper
2025-03-21: 22 rows, top = Ne Zha 2
2025-03-20: 25 rows, top = Snow White
2025-03-19: 23 rows, top = Snow White
2025-03-18: 10 rows, top = Singsot
2025-03-17: 23 rows, top = Petaka Gunung Gede
2025-03-16: 25 rows, top = Singsot
2025-03-15: 24 rows, top = Singsot
2025-03-14: 24 rows, top = Singsot
2025-03-13: 25 rows, top = Singsot
2025-03-12: 25 rows, top = Petaka Gunung Gede
2025-03-11: 20 rows, top = Petaka Gunung Gede
2025-03-10: 19 rows, top = Petaka Gunung Gede
2025-03-09: 20 rows, top = Petaka Gunung Gede
2025-03-08: 21 rows, top = Mickey 17
2025-03-07: 21 rows, top = Petaka Gunung Gede
2025-03-06: 20 rows, top = Setan Botak di Jembatan Ancol
2025-03-05: 18 rows, top = Mickey 17
2025-03-04: 15 rows, top = Petaka Gunung Gede
2025-03-03: 15 rows, top = Petaka Gunung Gede
2025-03-02: 20 rows, top = Legends of the Condor Heroes: The Gallants
2025-03-01: 19 rows, top = Legends of the Condor Heroes: The Gallants
2023-09: could not select period, skipped
2023-10: could not select period, skipped
2023-11: could not select period, skipped
2023-12: could not select period, skipped
2024-01: could not select period, skipped
2024-02: could not select period, skipped
2024-03: could not select period, skipped
2024-04: could not select period, skipped
2024-05: could not select period, skipped
2024-06: could not select period, skipped
2024-07: could not select period, skipped
2024-08: could not select period, skipped
2024-09: could not select period, skipped
2023-09: only 20 of 30 dates listed
2023-09-30: 3 rows, top = No More Bets
2023-09-29: 3 rows, top = No More Bets
2023-09-28: 10 rows, top = Kisah Tanah Jawa: Pocong Gundul
2023-09-27: 4 rows, top = Paw Patrol: The Mighty Movie
2023-09-24: 10 rows, top = Air Mata Di Ujung Sajadah
2023-09-23: 1 rows, top = Tokyo Revengers 2: Bloody Halloween - Decisive Battle
2023-09-22: 1 rows, top = Tokyo Revengers 2: Bloody Halloween - Decisive Battle
2023-09-21: 8 rows, top = Air Mata Di Ujung Sajadah
2023-09-20: 2 rows, top = Expend4bles
2023-10: only 29 of 31 dates listed
2023-10-30: 3 rows, top = Saranjana: Kota Ghaib
2023-10-29: 23 rows, top = Five Nights at Freddy's
2023-10-28: 3 rows, top = Hopeless
2023-10-27: 3 rows, top = Hopeless
2023-10-26: 10 rows, top = Indigo
2023-10-25: 4 rows, top = Five Nights at Freddy's
2023-10-24: 2 rows, top = Di Ambang Kematian
2023-10-23: 2 rows, top = Pamali: Dusun Pocong
2023-10-22: 17 rows, top = Indigo
2023-10-21: 3 rows, top = Di Ambang Kematian
2023-10-20: 3 rows, top = Di Ambang Kematian
2023-10-19: 8 rows, top = Di Ambang Kematian
2023-10-18: 1 rows, top = Pamali: Dusun Pocong
2023-10-17: 1 rows, top = Pamali: Dusun Pocong
2023-10-16: 2 rows, top = Pamali: Dusun Pocong
2023-10-15: 2 rows, top = Pamali: Dusun Pocong
2023-10-14: 2 rows, top = Pamali: Dusun Pocong
2023-10-13: 2 rows, top = Pamali: Dusun Pocong
2023-10-12: 2 rows, top = Pamali: Dusun Pocong
2023-10-11: 2 rows, top = Pamali: Dusun Pocong
2023-10-09: 2 rows, top = Pamali: Dusun Pocong
2023-10-08: 2 rows, top = Pamali: Dusun Pocong
2023-10-07: 2 rows, top = Pamali: Dusun Pocong
2023-10-06: 2 rows, top = Pamali: Dusun Pocong
2023-10-05: 2 rows, top = Pamali: Dusun Pocong
2023-10-04: 11 rows, top = Di Ambang Kematian
2023-10-03: 6 rows, top = Petualangan Sherina 2
2023-10-02: 1 rows, top = Di Ambang Kematian
2023-10-01: 15 rows, top = Petualangan Sherina 2
2023-11: only 27 of 30 dates listed
2023-11-30: 16 rows, top = 172 Days
2023-11-29: 3 rows, top = The There Musketeers: D'Artagnan
2023-11-28: 2 rows, top = 172 Days
2023-11-27: 2 rows, top = 172 Days
2023-11-26: 17 rows, top = 172 Days
2023-11-25: 2 rows, top = 172 Days
2023-11-24: 3 rows, top = 172 Days
2023-11-23: 10 rows, top = 172 Days
2023-11-22: 3 rows, top = Gampang Cuan
2023-11-21: 1 rows, top = Sijjin
2023-11-19: 11 rows, top = The Marvels
2023-11-18: 4 rows, top = Sijjin
2023-11-17: 2 rows, top = Trolls: Band Together
2023-11-16: 10 rows, top = Sijjin
2023-11-15: 7 rows, top = Sijjin
2023-11-14: 7 rows, top = Sijjin
2023-11-13: 7 rows, top = Sijjin
2023-11-12: 7 rows, top = Sijjin
2023-11-09: 7 rows, top = Sijjin
2023-11-08: 7 rows, top = Sijjin
2023-11-07: 7 rows, top = Sijjin
2023-11-06: 7 rows, top = Sijjin
2023-11-05: 7 rows, top = Sijjin
2023-11-04: 3 rows, top = Taylor Swift: The Eras Tour
2023-11-03: 3 rows, top = Taylor Swift: The Eras Tour
2023-11-02: 15 rows, top = Saranjana: Kota Ghaib
2023-11-01: 3 rows, top = Di Ambang Kematian
2023-12: only 24 of 31 dates listed
2023-12-31: 10 rows, top = Aquaman and The Lost Kingdom
2023-12-28: 9 rows, top = Layangan Putus the Movie
2023-12-27: 1 rows, top = Aquaman and The Lost Kingdom
2023-12-26: 2 rows, top = Aquaman and The Lost Kingdom
2023-12-25: 6 rows, top = Siksa Neraka
2023-12-24: 13 rows, top = Aquaman and The Lost Kingdom
2023-12-22: 1 rows, top = Siksa Neraka
2023-12-21: 4 rows, top = Siksa Neraka
2023-12-20: 2 rows, top = Aquaman and The Lost Kingdom
2023-12-19: 3 rows, top = Siksa Neraka
2023-12-18: 1 rows, top = Panggonan Wingit
2023-12-17: 12 rows, top = Siksa Neraka
2023-12-16: 4 rows, top = Panggonan Wingit
2023-12-15: 4 rows, top = The Boy and The Heron
2023-12-14: 8 rows, top = 172 Days
2023-12-13: 2 rows, top = The Boy and The Heron
2023-12-12: 2 rows, top = The Boy and The Heron
2023-12-11: 2 rows, top = The Boy and The Heron
2023-12-10: 2 rows, top = The Boy and The Heron
2023-12-09: 2 rows, top = The Boy and The Heron
2023-12-07: 2 rows, top = The Boy and The Heron
2023-12-05: 2 rows, top = The Boy and The Heron
2023-12-03: 2 rows, top = The Boy and The Heron
2023-12-01: 2 rows, top = The Boy and The Heron
2023-09: could not select period, skipped
2023-10: could not select period, skipped
2023-11: could not select period, skipped
2023-12: could not select period, skipped
2024-01: could not select period, skipped
2024-02: could not select period, skipped
2024-03: could not select period, skipped
2024-04: could not select period, skipped
2024-05: could not select period, skipped
2024-06: could not select period, skipped
2024-07: could not select period, skipped
2024-08: could not select period, skipped
2024-09: could not select period, skipped
2024-10: could not select period, skipped
2024-11: could not select period, skipped
2024-12: could not select period, skipped
2025-01: could not select period, skipped
2025-02: could not select period, skipped
2025-03: could not select period, skipped
2023-09: could not select period, skipped
2023-10: could not select period, skipped
2023-11: could not select period, skipped
2023-12: could not select period, skipped
2024-01: could not select period, skipped
2024-02: could not select period, skipped
2024-03: could not select period, skipped
2024-04: could not select period, skipped
2024-05: could not select period, skipped
2024-06: could not select period, skipped
2024-07: could not select period, skipped
2024-08: could not select period, skipped
2024-09: could not select period, skipped
2024-10: could not select period, skipped
2024-11: could not select period, skipped
2024-12: could not select period, skipped
2025-01: could not select period, skipped
2025-02: could not select period, skipped
2025-03: could not select period, skipped
2024-01: only 29 of 31 dates listed
2024-01-31: 3 rows, top = Pemukiman Setan
2024-01-30: 1 rows, top = Pemukiman Setan
2024-01-29: 1 rows, top = Pemukiman Setan
2024-01-28: 18 rows, top = Ancika: Dia yang Bersamaku 1995
2024-01-27: 2 rows, top = Pemukiman Setan
2024-01-26: 2 rows, top = Pemukiman Setan
2024-01-25: 11 rows, top = Pemukiman Setan
2024-01-24: 3 rows, top = Trinil: Kembalikan Tubuhku
2024-01-21: 17 rows, top = The Beekeeper
2024-01-20: 8 rows, top = Ancika: Dia yang Bersamaku 1995
2024-01-19: 8 rows, top = Ancika: Dia yang Bersamaku 1995
2024-01-18: 11 rows, top = Trinil: Kembalikan Tubuhku
2024-01-17: 6 rows, top = Ancika: Dia yang Bersamaku 1995
2024-01-16: 1 rows, top = Ancika: Dia yang Bersamaku 1995
2024-01-15: 1 rows, top = Ancika: Dia yang Bersamaku 1995
2024-01-14: 1 rows, top = Ancika: Dia yang Bersamaku 1995
2024-01-13: 1 rows, top = Ancika: Dia yang Bersamaku 1995
2024-01-12: 1 rows, top = Ancika: Dia yang Bersamaku 1995
2024-01-11: 14 rows, top = 13 Bom di Jakarta
2024-01-10: 5 rows, top = The Beekeeper
2024-01-09: 1 rows, top = Night Swim
2024-01-08: 1 rows, top = Night Swim
2024-01-07: 10 rows, top = Siksa Neraka
2024-01-06: 2 rows, top = Trinil: Kembalikan Tubuhku
2024-01-05: 2 rows, top = Trinil: Kembalikan Tubuhku
2024-01-04: 15 rows, top = Aquaman and The Lost Kingdom
2024-01-03: 1 rows, top = Night Swim
2024-01-02: 2 rows, top = 13 Bom di Jakarta
2024-01-01: 6 rows, top = Aquaman and The Lost Kingdom
2024-02-29: 6 rows, top = Jagat Alam Gaib: Sinden Gaib
2024-02-28: 5 rows, top = Agak Laen
2024-02-27: 1 rows, top = Munkar
2024-02-26: 1 rows, top = Munkar
2024-02-25: 15 rows, top = Agak Laen
2024-02-24: 5 rows, top = Agak Laen
2024-02-23: 5 rows, top = Agak Laen
2024-02-22: 5 rows, top = Agak Laen
2024-02-21: 4 rows, top = Agak Laen
2024-02-20: 1 rows, top = Agak Laen
2024-02-19: 1 rows, top = Agak Laen
2024-02-18: 10 rows, top = Madame Web
2024-02-17: 6 rows, top = Agak Laen
2024-02-16: 6 rows, top = Agak Laen
2024-02-15: 4 rows, top = Agak Laen
2024-02-14: 5 rows, top = Agak Laen
2024-02-13: 1 rows, top = Agak Laen
2024-02-12: 1 rows, top = Agak Laen
2024-02-11: 13 rows, top = Agak Laen
2024-02-10: 5 rows, top = Agak Laen
2024-02-09: 6 rows, top = Agak Laen
2024-02-08: 5 rows, top = Agak Laen
2024-02-07: 5 rows, top = Agak Laen
2024-02-06: 3 rows, top = Agak Laen
2024-02-05: 2 rows, top = Agak Laen
2024-02-04: 16 rows, top = Agak Laen
2024-02-03: 2 rows, top = Agak Laen
2024-02-02: 3 rows, top = Agak Laen
2024-02-01: 5 rows, top = Agak Laen
2024-03-31: 10 rows, top = Godzilla x Kong: The New Empire
2024-03-30: 3 rows, top = Ronggeng Kematian
2024-03-29: 4 rows, top = Godzilla x Kong: The New Empire
2024-03-28: 4 rows, top = Godzilla x Kong: The New Empire
2024-03-27: 1 rows, top = Godzilla x Kong: The New Empire
2024-03-26: 1 rows, top = Kukejar Mimpi
2024-03-25: 1 rows, top = Eksil
2024-03-24: 13 rows, top = Kung Fu Panda 4
2024-03-23: 3 rows, top = Exhuma
2024-03-22: 2 rows, top = Kurban - Budak Iblis
2024-03-21: 3 rows, top = Kurban - Budak Iblis
2024-03-20: 2 rows, top = Ghostbusters: Frozen Empire
2024-03-19: 4 rows, top = Exhuma
2024-03-18: 4 rows, top = Agak Laen
2024-03-17: 11 rows, top = Dune: Part Two
2024-03-16: 3 rows, top = Agak Laen
2024-03-15: 4 rows, top = Jagat Alam Gaib: Sinden Gaib
2024-03-14: 6 rows, top = Tanduk Setan
2024-03-13: 2 rows, top = Agak Laen
2024-03-12: 2 rows, top = Agak Laen
2024-03-11: 2 rows, top = Agak Laen
2024-03-10: 7 rows, top = Kung Fu Panda 4
2024-03-09: 3 rows, top = Exhuma
2024-03-08: 3 rows, top = Exhuma
2024-03-07: 8 rows, top = Pemandi Jenazah
2024-03-06: 3 rows, top = Kung Fu Panda 4
2024-03-05: 3 rows, top = Exhuma
2024-03-04: 2 rows, top = Demon Slayer: Kimetsu no Yaiba - To The Hashira Training
2024-03-03: 13 rows, top = Pemandi Jenazah
2024-03-02: 5 rows, top = Agak Laen
2024-03-01: 5 rows, top = Agak Laen
2024-04: only 22 of 30 dates listed
2024-04-30: 3 rows, top = Menjelang Ajal
2024-04-28: 8 rows, top = Siksa Kubur
2024-04-27: 3 rows, top = Badarawuhi di Desa Penari
2024-04-26: 4 rows, top = Siksa Kubur
2024-04-25: 3 rows, top = Badarawuhi di Desa Penari
2024-04-24: 3 rows, top = Siksa Kubur
2024-04-23: 1 rows, top = Yolo
2024-04-22: 2 rows, top = Badarawuhi di Desa Penari
2024-04-21: 7 rows, top = Siksa Kubur
2024-04-20: 2 rows, top = Siksa Kubur
2024-04-19: 4 rows, top = Siksa Kubur
2024-04-18: 4 rows, top = Siksa Kubur
2024-04-17: 4 rows, top = Godzilla x Kong: The New Empire
2024-04-16: 2 rows, top = Badarawuhi di Desa Penari
2024-04-15: 3 rows, top = Siksa Kubur
2024-04-14: 9 rows, top = Godzilla x Kong: The New Empire
2024-04-13: 2 rows, top = Badarawuhi di Desa Penari
2024-04-12: 2 rows, top = Badarawuhi di Desa Penari
2024-04-11: 8 rows, top = Badarawuhi di Desa Penari
2024-04-07: 5 rows, top = Godzilla x Kong: The New Empire
2024-04-03: 1 rows, top = Tanduk Setan
2024-04-01: 2 rows, top = Kukejar Mimpi
2024-05-31: 3 rows, top = Temurun
2024-05-30: 5 rows, top = How To Make Millions Before Grandma Dies
2024-05-29: 8 rows, top = Haikyu!! The Dumpster Battle
2024-05-28: 3 rows, top = How To Make Millions Before Grandma Dies
2024-05-27: 2 rows, top = How To Make Millions Before Grandma Dies
2024-05-26: 12 rows, top = Vina: Sebelum 7 Hari
2024-05-25: 7 rows, top = How To Make Millions Before Grandma Dies
2024-05-24: 7 rows, top = How To Make Millions Before Grandma Dies
2024-05-23: 5 rows, top = Vina: Sebelum 7 Hari
2024-05-22: 5 rows, top = How To Make Millions Before Grandma Dies
2024-05-21: 3 rows, top = How To Make Millions Before Grandma Dies
2024-05-20: 2 rows, top = How To Make Millions Before Grandma Dies
2024-05-19: 10 rows, top = Vina: Sebelum 7 Hari
2024-05-18: 4 rows, top = How To Make Millions Before Grandma Dies
2024-05-17: 3 rows, top = Do You See What I See
2024-05-16: 2 rows, top = Do You See What I See
2024-05-15: 2 rows, top = How To Make Millions Before Grandma Dies
2024-05-14: 1 rows, top = The Architecture of Love
2024-05-13: 2 rows, top = Vina: Sebelum 7 Hari
2024-05-12: 9 rows, top = Vina: Sebelum 7 Hari
2024-05-11: 1 rows, top = Possession: Kerasukan
2024-05-10: 2 rows, top = Vina: Sebelum 7 Hari
2024-05-09: 3 rows, top = Vina: Sebelum 7 Hari
2024-05-08: 7 rows, top = Vina: Sebelum 7 Hari
2024-05-07: 2 rows, top = The Architecture of Love
2024-05-06: 4 rows, top = Badarawuhi di Desa Penari
2024-05-05: 14 rows, top = Civil War
2024-05-04: 2 rows, top = The Architecture of Love
2024-05-03: 3 rows, top = Siksa Kubur
2024-05-02: 2 rows, top = Menjelang Ajal
2024-05-01: 4 rows, top = Badarawuhi di Desa Penari
2024-06-30: 12 rows, top = Inside Out 2
2024-06-29: 3 rows, top = Ipar Adalah Maut
2024-06-28: 3 rows, top = Marni: The Story of Wewe Gombel
2024-06-27: 2 rows, top = Marni: The Story of Wewe Gombel
2024-06-26: 10 rows, top = Ipar Adalah Maut
2024-06-25: 3 rows, top = Sengkolo Malam Satu Suro
2024-06-24: 5 rows, top = Ipar Adalah Maut
2024-06-23: 12 rows, top = Inside Out 2
2024-06-22: 5 rows, top = Ipar Adalah Maut
2024-06-21: 4 rows, top = Ipar Adalah Maut
2024-06-20: 6 rows, top = Ipar Adalah Maut
2024-06-19: 8 rows, top = Ipar Adalah Maut
2024-06-18: 3 rows, top = Ipar Adalah Maut
2024-06-17: 5 rows, top = Ipar Adalah Maut
2024-06-16: 10 rows, top = Vina: Sebelum 7 Hari
2024-06-15: 5 rows, top = Ipar Adalah Maut
2024-06-14: 5 rows, top = Ipar Adalah Maut
2024-06-13: 9 rows, top = Ipar Adalah Maut
2024-06-12: 6 rows, top = Paku Tanah Jawa
2024-06-11: 2 rows, top = Paku Tanah Jawa
2024-06-10: 1 rows, top = Paku Tanah Jawa
2024-06-09: 6 rows, top = Bad Boys: Ride or Die
2024-06-08: 6 rows, top = Paku Tanah Jawa
2024-06-07: 6 rows, top = Tuhan Izinkan Aku Berdosa
2024-06-06: 9 rows, top = Do You See What I See
2024-06-05: 3 rows, top = How To Make Millions Before Grandma Dies
2024-06-04: 2 rows, top = How To Make Millions Before Grandma Dies
2024-06-03: 4 rows, top = How To Make Millions Before Grandma Dies
2024-06-02: 11 rows, top = The Garfield Movie
2024-06-01: 4 rows, top = How To Make Millions Before Grandma Dies
2024-07-31: 10 rows, top = Deadpool & Wolverine
2024-07-30: 10 rows, top = Deadpool & Wolverine
2024-07-29: 12 rows, top = Deadpool & Wolverine
2024-07-28: 15 rows, top = Deadpool & Wolverine
2024-07-27: 10 rows, top = Deadpool & Wolverine
2024-07-26: 10 rows, top = Deadpool & Wolverine
2024-07-25: 13 rows, top = Deadpool & Wolverine
2024-07-24: 10 rows, top = Deadpool & Wolverine
2024-07-23: 12 rows, top = Catatan Harian Menantu Sinting
2024-07-22: 13 rows, top = Catatan Harian Menantu Sinting
2024-07-21: 21 rows, top = Catatan Harian Menantu Sinting
2024-07-20: 14 rows, top = Sekawan Limo
2024-07-19: 13 rows, top = Catatan Harian Menantu Sinting
2024-07-18: 10 rows, top = Catatan Harian Menantu Sinting
2024-07-17: 10 rows, top = Sekawan Limo
2024-07-16: 10 rows, top = Sekawan Limo
2024-07-15: 10 rows, top = Sekawan Limo
2024-07-14: 19 rows, top = How To Make Millions Before Grandma Dies
2024-07-13: 16 rows, top = Sekawan Limo
2024-07-12: 16 rows, top = Jurnal Risa by Risa Saraswati
2024-07-11: 14 rows, top = Jurnal Risa by Risa Saraswati
2024-07-10: 12 rows, top = Sekawan Limo
2024-07-09: 4 rows, top = Sekawan Limo
2024-07-08: 8 rows, top = Despicable Me 4
2024-07-07: 15 rows, top = Despicable Me 4
2024-07-06: 7 rows, top = Sekawan Limo
2024-07-05: 8 rows, top = Sekawan Limo
2024-07-04: 6 rows, top = Sekawan Limo
2024-07-03: 4 rows, top = Marni: The Story of Wewe Gombel
2024-07-02: 4 rows, top = Marni: The Story of Wewe Gombel
2024-07-01: 4 rows, top = Marni: The Story of Wewe Gombel
2024-08-31: 10 rows, top = Kang Mak (From Pee Mak)
2024-08-30: 10 rows, top = Kang Mak (From Pee Mak)
2024-08-29: 10 rows, top = Kang Mak (From Pee Mak)
2024-08-28: 10 rows, top = Kang Mak (From Pee Mak)
2024-08-27: 10 rows, top = Kang Mak (From Pee Mak)
2024-08-26: 10 rows, top = Kang Mak (From Pee Mak)
2024-08-25: 10 rows, top = Kang Mak (From Pee Mak)
2024-08-24: 10 rows, top = Kang Mak (From Pee Mak)
2024-08-23: 10 rows, top = Kang Mak (From Pee Mak)
2024-08-22: 10 rows, top = Kang Mak (From Pee Mak)
2024-08-21: 10 rows, top = Kang Mak (From Pee Mak)
2024-08-20: 10 rows, top = Kang Mak (From Pee Mak)
2024-08-19: 10 rows, top = Kang Mak (From Pee Mak)
2024-08-18: 10 rows, top = Kang Mak (From Pee Mak)
2024-08-17: 10 rows, top = Kang Mak (From Pee Mak)
2024-08-16: 10 rows, top = Kang Mak (From Pee Mak)
2024-08-15: 10 rows, top = Kang Mak (From Pee Mak)
2024-08-14: 10 rows, top = Alien: Romulus
2024-08-13: 10 rows, top = Rumah Dinas Bapak
2024-08-12: 10 rows, top = Rumah Dinas Bapak
2024-08-11: 10 rows, top = Deadpool & Wolverine
2024-08-10: 10 rows, top = Deadpool & Wolverine
2024-08-09: 10 rows, top = Deadpool & Wolverine
2024-08-08: 10 rows, top = Rumah Dinas Bapak
2024-08-07: 10 rows, top = Deadpool & Wolverine
2024-08-06: 10 rows, top = Deadpool & Wolverine
2024-08-05: 10 rows, top = Deadpool & Wolverine
2024-08-04: 10 rows, top = Deadpool & Wolverine
2024-08-03: 10 rows, top = Deadpool & Wolverine
2024-08-02: 10 rows, top = Deadpool & Wolverine
2024-08-01: 10 rows, top = Deadpool & Wolverine
2024-09-19: 10 rows, top = Lembayung
2024-09-18: 10 rows, top = Laura
2024-09-17: 10 rows, top = Laura
2024-09-16: 10 rows, top = Laura
2024-09-15: 10 rows, top = Laura
2024-09-14: 10 rows, top = Laura
2024-09-13: 10 rows, top = Laura
2024-09-12: 10 rows, top = Laura
2024-09-11: 10 rows, top = Transformers One
2024-09-10: 10 rows, top = Kang Mak (From Pee Mak)
2024-09-09: 10 rows, top = Kang Mak (From Pee Mak)
2024-09-08: 10 rows, top = Kang Mak (From Pee Mak)
2024-09-07: 10 rows, top = Kang Mak (From Pee Mak)
2024-09-06: 10 rows, top = Kang Mak (From Pee Mak)
2024-09-05: 10 rows, top = Kang Mak (From Pee Mak)
2024-09-04: 10 rows, top = Kang Mak (From Pee Mak)
2024-09-03: 10 rows, top = Kang Mak (From Pee Mak)
2024-09-02: 10 rows, top = Kang Mak (From Pee Mak)
2024-09-01: 10 rows, top = Kang Mak (From Pee Mak)
2024-01: only 29 of 31 dates listed
2024-04: only 22 of 30 dates listed
