2025-04: 30 dates on page, 30 to scrape
2025-04-30: 14 rows, top = Thunderbolts*
2025-04-29: 18 rows, top = Jumbo
2025-04-28: 17 rows, top = Jumbo
2025-04-27: 18 rows, top = Jumbo
2025-04-26: 17 rows, top = Jumbo
2025-04-25: 17 rows, top = Jumbo
2025-04-24: 18 rows, top = Jumbo
2025-04-23: 14 rows, top = Jumbo
2025-04-22: 12 rows, top = Jumbo
2025-04-21: 12 rows, top = Jumbo
2025-04-20: 16 rows, top = Jumbo
2025-04-19: 15 rows, top = Jumbo
2025-04-18: 15 rows, top = Jumbo
2025-04-17: 14 rows, top = Jumbo
2025-04-16: 12 rows, top = Jumbo
2025-04-15: 9 rows, top = Jumbo
2025-04-14: 9 rows, top = Jumbo
2025-04-13: 15 rows, top = Jumbo
2025-04-12: 13 rows, top = Jumbo
2025-04-11: 13 rows, top = Jumbo
2025-04-10: 12 rows, top = Jumbo
2025-04-09: 10 rows, top = Pabrik Gula
2025-04-08: 8 rows, top = Jumbo
2025-04-07: 8 rows, top = Pabrik Gula
2025-04-06: 11 rows, top = Pabrik Gula
2025-04-05: 10 rows, top = Pabrik Gula
2025-04-04: 10 rows, top = Pabrik Gula
2025-04-03: 9 rows, top = Pabrik Gula
2025-04-02: 9 rows, top = Pabrik Gula
2025-04-01: 9 rows, top = Pabrik Gula
2025-05: 31 dates on page, 31 to scrape
2025-05-31: 14 rows, top = Mission: Impossible - The Final Reckoning
2025-05-30: 13 rows, top = Mission: Impossible - The Final Reckoning
2025-05-29: 13 rows, top = Mission: Impossible - The Final Reckoning
2025-05-28: 14 rows, top = Waktu Maghrib 2
2025-05-27: 11 rows, top = Mission: Impossible - The Final Reckoning
2025-05-26: 10 rows, top = Mission: Impossible - The Final Reckoning
2025-05-25: 16 rows, top = Mission: Impossible - The Final Reckoning
2025-05-23: 14 rows, top = Mission: Impossible - The Final Reckoning
2025-05-22: 13 rows, top = Mission: Impossible - The Final Reckoning
2025-05-21: 12 rows, top = Mission: Impossible - The Final Reckoning
2025-05-20: 16 rows, top = Final Destination: Bloodlines
2025-05-19: 16 rows, top = Final Destination: Bloodlines
2025-05-18: 19 rows, top = Final Destination: Bloodlines
2025-05-17: 18 rows, top = Final Destination: Bloodlines
2025-05-16: 17 rows, top = Final Destination: Bloodlines
2025-05-15: 18 rows, top = Final Destination: Bloodlines
2025-05-14: 17 rows, top = Pengepungan di Bukit Duri
2025-05-13: 18 rows, top = Jumbo
2025-05-12: 20 rows, top = Jumbo
2025-05-11: 20 rows, top = Jumbo
2025-05-10: 19 rows, top = Jumbo
2025-05-09: 18 rows, top = Pembantaian Dukun Santet
2025-05-08: 18 rows, top = Pembantaian Dukun Santet
2025-05-07: 16 rows, top = Jumbo
2025-05-06: 15 rows, top = Jumbo
2025-05-05: 15 rows, top = Jumbo
2025-05-04: 5 rows, top = The Accountant 2
2025-05-03: 16 rows, top = Jumbo
2025-05-02: 6 rows, top = The Accountant 2
2025-05-01: 15 rows, top = Jumbo
2025-06: 30 dates on page, 30 to scrape
2025-06-30: 21 rows, top = Jalan Pulang
2025-06-29: 22 rows, top = Jalan Pulang
2025-06-28: 13 rows, top = Maa
2025-06-27: 21 rows, top = Jalan Pulang
2025-06-26: 20 rows, top = Jalan Pulang
2025-06-25: 18 rows, top = Jalan Pulang
2025-06-24: 19 rows, top = Jalan Pulang
2025-06-23: 19 rows, top = Jalan Pulang
2025-06-22: 21 rows, top = Jalan Pulang
2025-06-21: 20 rows, top = Jalan Pulang
2025-06-20: 21 rows, top = Jalan Pulang
2025-06-19: 22 rows, top = Jalan Pulang
2025-06-18: 18 rows, top = How To Train Your Dragon
2025-06-17: 16 rows, top = How To Train Your Dragon
2025-06-16: 17 rows, top = How To Train Your Dragon
2025-06-15: 22 rows, top = How To Train Your Dragon
2025-06-14: 18 rows, top = How To Train Your Dragon
2025-06-13: 18 rows, top = How To Train Your Dragon
2025-06-12: 18 rows, top = How To Train Your Dragon
2025-06-11: 13 rows, top = How To Train Your Dragon
2025-06-10: 12 rows, top = Tak Ingin Usai Di Sini
2025-06-09: 12 rows, top = Ballerina
2025-06-08: 18 rows, top = Mission: Impossible - The Final Reckoning
2025-06-07: 15 rows, top = Mission: Impossible - The Final Reckoning
2025-06-06: 15 rows, top = Ballerina
2025-06-05: 17 rows, top = Tenung By Risa Saraswati & Dimasta
2025-06-04: 12 rows, top = Ballerina
2025-06-03: 12 rows, top = Mission: Impossible - The Final Reckoning
2025-06-02: 12 rows, top = Mission: Impossible - The Final Reckoning
2025-06-01: 14 rows, top = Mission: Impossible - The Final Reckoning
2025-07: 31 dates on page, 31 to scrape
2025-07-31: 19 rows, top = Sihir Pelakor
2025-07-30: 16 rows, top = Sore Istri Dari Masa Depan
2025-07-29: 15 rows, top = Sore Istri Dari Masa Depan
2025-07-28: 15 rows, top = Sore Istri Dari Masa Depan
2025-07-27: 16 rows, top = The Fantastic Four: First Steps
2025-07-26: 16 rows, top = The Fantastic Four: First Steps
2025-07-25: 16 rows, top = The Fantastic Four: First Steps
2025-07-24: 16 rows, top = Believe - Takdir, Mimpi, Keberanian
2025-07-23: 10 rows, top = The Fantastic Four: First Steps
2025-07-22: 14 rows, top = Sore Istri Dari Masa Depan
2025-07-21: 14 rows, top = Sore Istri Dari Masa Depan
2025-07-20: 19 rows, top = Sore Istri Dari Masa Depan
2025-07-19: 18 rows, top = Sore Istri Dari Masa Depan
2025-07-18: 19 rows, top = Sore Istri Dari Masa Depan
2025-07-17: 16 rows, top = Sore Istri Dari Masa Depan
2025-07-16: 10 rows, top = Jodoh 3 Bujang
2025-07-15: 11 rows, top = Sore Istri Dari Masa Depan
2025-07-14: 11 rows, top = Superman
2025-07-13: 24 rows, top = Superman
2025-07-12: 20 rows, top = Superman
2025-07-11: 10 rows, top = BTS MAP OF THE SOUL ON:E (HYBE CINE FEST IN ASIA 2025)
2025-07-10: 21 rows, top = Superman
2025-07-09: 13 rows, top = Superman
2025-07-08: 16 rows, top = Jurassic World: Rebirth
2025-07-07: 17 rows, top = Jurassic World: Rebirth
2025-07-06: 18 rows, top = Jurassic World: Rebirth
2025-07-05: 17 rows, top = Jurassic World: Rebirth
2025-07-04: 16 rows, top = Jurassic World: Rebirth
2025-07-03: 20 rows, top = Jurassic World: Rebirth
2025-07-02: 18 rows, top = Jurassic World: Rebirth
2025-07-01: 21 rows, top = Jalan Pulang
2025-08: 31 dates on page, 31 to scrape
2025-08-31: 27 rows, top = Pencarian Terakhir
2025-08-30: 25 rows, top = Pencarian Terakhir
2025-08-29: 24 rows, top = Pencarian Terakhir
2025-08-28: 19 rows, top = Pencarian Terakhir
2025-08-27: 18 rows, top = Demon Slayer -Kimetsu No Yaiba- The Movie: Infinity Castle
2025-08-26: 18 rows, top = Demon Slayer -Kimetsu No Yaiba- The Movie: Infinity Castle
2025-08-25: 17 rows, top = Demon Slayer -Kimetsu No Yaiba- The Movie: Infinity Castle
2025-08-24: 22 rows, top = Demon Slayer -Kimetsu No Yaiba- The Movie: Infinity Castle
2025-08-23: 19 rows, top = Demon Slayer -Kimetsu No Yaiba- The Movie: Infinity Castle
2025-08-22: 20 rows, top = Demon Slayer -Kimetsu No Yaiba- The Movie: Infinity Castle
2025-08-21: 19 rows, top = Demon Slayer -Kimetsu No Yaiba- The Movie: Infinity Castle
2025-08-20: 18 rows, top = Demon Slayer -Kimetsu No Yaiba- The Movie: Infinity Castle
2025-08-19: 16 rows, top = Demon Slayer -Kimetsu No Yaiba- The Movie: Infinity Castle
2025-08-18: 15 rows, top = Demon Slayer -Kimetsu No Yaiba- The Movie: Infinity Castle
2025-08-17: 20 rows, top = Demon Slayer -Kimetsu No Yaiba- The Movie: Infinity Castle
2025-08-16: 18 rows, top = Demon Slayer -Kimetsu No Yaiba- The Movie: Infinity Castle
2025-08-15: 17 rows, top = Demon Slayer -Kimetsu No Yaiba- The Movie: Infinity Castle
2025-08-14: 17 rows, top = La Tahzan: Cinta, Dosa, Luka...
2025-08-13: 14 rows, top = Weapons
2025-08-12: 15 rows, top = Weapons
2025-08-11: 15 rows, top = Weapons
2025-08-10: 23 rows, top = Weapons
2025-08-09: 18 rows, top = Weapons
2025-08-08: 17 rows, top = Weapons
2025-08-07: 17 rows, top = Panggil Aku Ayah
2025-08-06: 17 rows, top = Sihir Pelakor
2025-08-05: 14 rows, top = Sihir Pelakor
2025-08-04: 14 rows, top = Sihir Pelakor
2025-08-03: 20 rows, top = Sore Istri Dari Masa Depan
2025-08-02: 17 rows, top = Sore Istri Dari Masa Depan
2025-08-01: 17 rows, top = Sore Istri Dari Masa Depan
2025-09: 30 dates on page, 30 to scrape
2025-09-30: 13 rows, top = Kang Solah From Kang Mak x Nenek Gayung
2025-09-29: 13 rows, top = Kang Solah From Kang Mak x Nenek Gayung
2025-09-28: 22 rows, top = Kang Solah From Kang Mak x Nenek Gayung
2025-09-27: 18 rows, top = Kang Solah From Kang Mak x Nenek Gayung
2025-09-26: 19 rows, top = Kang Solah From Kang Mak x Nenek Gayung
2025-09-25: 21 rows, top = Kang Solah From Kang Mak x Nenek Gayung
2025-09-24: 19 rows, top = Sukma
2025-09-23: 18 rows, top = Sukma
2025-09-22: 18 rows, top = Sukma
2025-09-21: 21 rows, top = Sukma
2025-09-20: 21 rows, top = Sukma
2025-09-19: 20 rows, top = Sukma
2025-09-18: 20 rows, top = Sukma
2025-09-17: 18 rows, top = Sukma
2025-09-16: 17 rows, top = The Conjuring: Last Rites
2025-09-15: 17 rows, top = The Conjuring: Last Rites
2025-09-14: 19 rows, top = The Conjuring: Last Rites
2025-09-13: 18 rows, top = The Conjuring: Last Rites
2025-09-12: 18 rows, top = The Conjuring: Last Rites
2025-09-11: 18 rows, top = The Conjuring: Last Rites
2025-09-10: 16 rows, top = The Conjuring: Last Rites
2025-09-09: 12 rows, top = The Conjuring: Last Rites
2025-09-08: 12 rows, top = The Conjuring: Last Rites
2025-09-07: 14 rows, top = The Conjuring: Last Rites
2025-09-06: 13 rows, top = The Conjuring: Last Rites
2025-09-05: 20 rows, top = The Conjuring: Last Rites
2025-09-04: 10 rows, top = The Conjuring: Last Rites
2025-09-03: 10 rows, top = The Conjuring: Last Rites
2025-09-02: 10 rows, top = The Conjuring: Last Rites
2025-09-01: 20 rows, top = Pencarian Terakhir
